.venv\Scripts\python.exe : Could not find platform independent libraries <prefix>
위치 줄:1 문자:1
+ .venv\Scripts\python.exe test_all_services.py 2>&1 > test_output.txt; ...
+ ~~~~~~~~~~~~~~~~~~~~~~~~~~~~~~~~~~~~~~~~~~~~~~~~~~~~~~~~~~~~~~~~~~~~
    + CategoryInfo          : NotSpecified: (Could not find ...raries <prefix>:String) [], RemoteException
    + FullyQualifiedErrorId : NativeCommandError
 
================================================================================
NEIS API 사용 가능한 서비스 목록 확인
================================================================================
테스트 중인 서비스들...
  academy: ERROR-310 (서비스 없음)
  acaGyeong: ERROR-310 (서비스 없음)
  acaFeature: ERROR-310 (서비스 없음)
  acaPay: ERROR-310 (서비스 없음)
  acaSangseo: ERROR-310 (서비스 없음)
  acaTypCd: ERROR-310 (서비스 없음)
  acaWelfareFacility: ERROR-310 (서비스 없음)
  classroomEquipment: ERROR-310 (서비스 없음)
  dongkumTongbanDong: ERROR-310 (서비스 없음)
  dongkumTongbanRi: ERROR-310 (서비스 없음)
  dongkumTongban: ERROR-310 (서비스 없음)
  excRetirement: ERROR-310 (서비스 없음)
  excService: ERROR-310 (서비스 없음)
  excTransfer: ERROR-310 (서비스 없음)
  foodCode: ERROR-310 (서비스 없음)
  foodAllergy: ERROR-310 (서비스 없음)
  foodInfo: ERROR-310 (서비스 없음)
  foodOrigin: ERROR-310 (서비스 없음)
  fundingEducation: ERROR-310 (서비스 없음)
  mealServiceDietInfo: ERROR-300 (필수값 누락)
  mealServiceInfo: ERROR-310 (서비스 없음)
  schoolBasicInfo: ERROR-310 (서비스 없음)
  schoolInfo: 에러 - 'cp949' codec can't encode character '\u
  schoolSchedule: ERROR-310 (서비스 없음)
  specialization: ERROR-310 (서비스 없음)
  supplierMeal: ERROR-310 (서비스 없음)

================================================================================
가장 가능성 높은 서비스들 상세 테스트
================================================================================

[mealServiceDietInfo - 표준 파라미터]
응답: {
  "RESULT": {
    "CODE": "ERROR-300",
    "MESSAGE": "필수 값이 누락되어 있습니다. 요청인자를 참고 하십시오."
  }
}

[foodInfo - 식재 정보]
응답: {
  "RESULT": {
    "CODE": "ERROR-310",
    "MESSAGE": "해당하는 서비스를 찾을 수 없습니다. 요청인자 중 SERVICE를 확인하십시오."
  }
}

[mealServiceInfo - 급식 정보]
응답: {
  "RESULT": {
    "CODE": "ERROR-310",
    "MESSAGE": "해당하는 서비스를 찾을 수 없습니다. 요청인자 중 SERVICE를 확인하십시오."
  }
}
